App.tsx(4,31): error TS2307: Cannot find module './components/ThemeProvider' or its corresponding type declarations.
App.tsx(5,24): error TS2307: Cannot find module './components/Navbar' or its corresponding type declarations.
App.tsx(6,24): error TS2307: Cannot find module './components/Footer' or its corresponding type declarations.
App.tsx(7,22): error TS2307: Cannot find module './pages/website/Home' or its corresponding type declarations.
App.tsx(8,26): error TS2307: Cannot find module './pages/website/Services' or its corresponding type declarations.
App.tsx(9,31): error TS2307: Cannot find module './pages/website/LifeInsurance' or its corresponding type declarations.
App.tsx(11,28): error TS2307: Cannot find module './pages/website/HomeRepair' or its corresponding type declarations.
App.tsx(12,26): error TS2307: Cannot find module './pages/website/Mortgage' or its corresponding type declarations.
App.tsx(13,35): error TS2307: Cannot find module './pages/website/BusinessInsurance' or its corresponding type declarations.
App.tsx(14,31): error TS2307: Cannot find module './pages/website/AutoInsurance' or its corresponding type declarations.
App.tsx(15,49): error TS2307: Cannot find module './pages/website/LogisticsHub' or its corresponding type declarations.
App.tsx(17,31): error TS2307: Cannot find module './pages/website/GroupBenefits' or its corresponding type declarations.
App.tsx(18,36): error TS2307: Cannot find module './pages/website/InvestmentShowcase' or its corresponding type declarations.
App.tsx(19,28): error TS2307: Cannot find module './pages/website/Securities' or its corresponding type declarations.
App.tsx(20,26): error TS2307: Cannot find module './pages/website/Advisors' or its corresponding type declarations.
App.tsx(21,23): error TS2307: Cannot find module './pages/website/About' or its corresponding type declarations.
App.tsx(22,33): error TS2307: Cannot find module './pages/website/DeveloperPortal' or its corresponding type declarations.
App.tsx(23,29): error TS2307: Cannot find module './pages/website/Partnership' or its corresponding type declarations.
App.tsx(24,37): error TS2307: Cannot find module './pages/website/CampaignLandingPage' or its corresponding type declarations.
App.tsx(25,27): error TS2307: Cannot find module './pages/website/Resources' or its corresponding type declarations.
App.tsx(26,25): error TS2307: Cannot find module './pages/website/Contact' or its corresponding type declarations.
App.tsx(27,37): error TS2307: Cannot find module './pages/website/SecuritiesPortfolio' or its corresponding type declarations.
App.tsx(28,40): error TS2307: Cannot find module './pages/website/RealEstateIntelligence' or its corresponding type declarations.
App.tsx(29,34): error TS2307: Cannot find module './pages/website/ExploreSolutions' or its corresponding type declarations.
App.tsx(30,30): error TS2307: Cannot find module './pages/website/AnnualReport' or its corresponding type declarations.
App.tsx(31,31): error TS2307: Cannot find module './pages/website/PressReleases' or its corresponding type declarations.
App.tsx(32,23): error TS2307: Cannot find module './pages/Login' or its corresponding type declarations.
App.tsx(33,24): error TS2307: Cannot find module './pages/Signup' or its corresponding type declarations.
App.tsx(34,32): error TS2307: Cannot find module './pages/ForgotPassword' or its corresponding type declarations.
App.tsx(35,30): error TS2307: Cannot find module './pages/client/ClientPortal' or its corresponding type declarations.
App.tsx(36,27): error TS2307: Cannot find module './components/CRMData' or its corresponding type declarations.
App.tsx(37,27): error TS2307: Cannot find module './pages/crm/Dashboard' or its corresponding type declarations.
App.tsx(38,23): error TS2307: Cannot find module './pages/crm/Leads' or its corresponding type declarations.
App.tsx(39,28): error TS2307: Cannot find module './pages/crm/LeadIntake' or its corresponding type declarations.
App.tsx(40,25): error TS2307: Cannot find module './pages/crm/Clients' or its corresponding type declarations.
App.tsx(41,29): error TS2307: Cannot find module './pages/crm/Commissions' or its corresponding type declarations.
App.tsx(42,26): error TS2307: Cannot find module './pages/crm/Calendar' or its corresponding type declarations.
App.tsx(43,23): error TS2307: Cannot find module './pages/crm/Inbox' or its corresponding type declarations.
App.tsx(44,22): error TS2307: Cannot find module './pages/crm/Chat' or its corresponding type declarations.
App.tsx(45,33): error TS2307: Cannot find module './pages/crm/ProfileSettings' or its corresponding type declarations.
App.tsx(46,28): error TS2307: Cannot find module './pages/admin/AdminUsers' or its corresponding type declarations.
App.tsx(47,33): error TS2307: Cannot find module './pages/admin/WebsiteSettings' or its corresponding type declarations.
App.tsx(48,35): error TS2307: Cannot find module './pages/admin/AnnualReportAdmin' or its corresponding type declarations.
App.tsx(49,35): error TS2307: Cannot find module './pages/admin/PressReleaseAdmin' or its corresponding type declarations.
App.tsx(50,35): error TS2307: Cannot find module './pages/admin/CarrierAssignment' or its corresponding type declarations.
App.tsx(52,34): error TS2307: Cannot find module './pages/website/AdvisorMicrosite' or its corresponding type declarations.
App.tsx(53,35): error TS2307: Cannot find module './pages/admin/AdminTestimonials' or its corresponding type declarations.
App.tsx(54,32): error TS2307: Cannot find module './pages/admin/EmailSignature' or its corresponding type declarations.
App.tsx(55,39): error TS2307: Cannot find module './pages/admin/MarketingIntegrations' or its corresponding type declarations.
App.tsx(56,26): error TS2307: Cannot find module './pages/website/JoinTeam' or its corresponding type declarations.
App.tsx(57,30): error TS2307: Cannot find module './pages/public/LoadTracking' or its corresponding type declarations.
App.tsx(58,28): error TS2307: Cannot find module './pages/crm/Onboarding' or its corresponding type declarations.
App.tsx(59,39): error TS2307: Cannot find module './pages/crm/AdvisorOnboardingFlow' or its corresponding type declarations.
App.tsx(60,30): error TS2307: Cannot find module './pages/crm/TelephonyHub' or its corresponding type declarations.
App.tsx(61,34): error TS2307: Cannot find module './pages/crm/SecuritiesWealth' or its corresponding type declarations.
App.tsx(62,33): error TS2307: Cannot find module './pages/crm/LegalCompliance' or its corresponding type declarations.
App.tsx(63,31): error TS2307: Cannot find module './pages/website/PrivacyPolicy' or its corresponding type declarations.
App.tsx(64,28): error TS2307: Cannot find module './pages/website/TermsOfUse' or its corresponding type declarations.
App.tsx(72,8): error TS2307: Cannot find module './pages/crm/insurance/InsurancePages' or its corresponding type declarations.
App.tsx(76,8): error TS2307: Cannot find module './pages/crm/real-estate/RealEstatePages' or its corresponding type declarations.
App.tsx(81,8): error TS2307: Cannot find module './pages/crm/securities/SecuritiesPages' or its corresponding type declarations.
App.tsx(82,49): error TS2307: Cannot find module './pages/crm/logistics/LogisticsHub' or its corresponding type declarations.
App.tsx(87,8): error TS2307: Cannot find module './pages/crm/mortgage/MortgagePages' or its corresponding type declarations.
App.tsx(88,29): error TS2307: Cannot find module './pages/public/BookingPage' or its corresponding type declarations.
App.tsx(89,34): error TS2307: Cannot find module './pages/crm/AutomationStudio' or its corresponding type declarations.
App.tsx(90,34): error TS2307: Cannot find module './pages/crm/BankVerification' or its corresponding type declarations.
App.tsx(91,26): error TS2307: Cannot find module './pages/verify/ClientVerify' or its corresponding type declarations.
App.tsx(92,33): error TS2307: Cannot find module './pages/admin/RealEstateAdmin' or its corresponding type declarations.
App.tsx(93,31): error TS2307: Cannot find module './pages/admin/RealEstateCms' or its corresponding type declarations.
App.tsx(94,28): error TS2307: Cannot find module './pages/admin/ProductCms' or its corresponding type declarations.
App.tsx(95,32): error TS2307: Cannot find module './pages/admin/AdminAnalytics' or its corresponding type declarations.
App.tsx(96,33): error TS2307: Cannot find module './pages/admin/CommissionRecon' or its corresponding type declarations.
App.tsx(97,36): error TS2307: Cannot find module './pages/admin/LandingPageBuilder' or its corresponding type declarations.
App.tsx(98,32): error TS2307: Cannot find module './pages/admin/AdvisorRoutingPage' or its corresponding type declarations.
App.tsx(99,34): error TS2307: Cannot find module './components/AnalyticsTracker' or its corresponding type declarations.
App.tsx(100,32): error TS2307: Cannot find module './pages/onboarding/AdvisorApplication' or its corresponding type declarations.
App.tsx(101,29): error TS2307: Cannot find module './pages/admin/AdminOnboarding' or its corresponding type declarations.
App.tsx(102,29): error TS2307: Cannot find module './pages/onboarding/ActivateAccount' or its corresponding type declarations.
App.tsx(103,21): error TS2307: Cannot find module './components/SEO' or its corresponding type declarations.
App.tsx(104,28): error TS2307: Cannot find module './pages/admin/AccessLogs' or its corresponding type declarations.
App.tsx(105,37): error TS2307: Cannot find module './pages/crm/logistics/LoadPostingTerminal' or its corresponding type declarations.
App.tsx(106,33): error TS2307: Cannot find module './pages/crm/MarketingCampaigns' or its corresponding type declarations.
App.tsx(107,38): error TS2307: Cannot find module './pages/public/InsuranceQuoteFunnel' or its corresponding type declarations.
App.tsx(108,37): error TS2307: Cannot find module './pages/public/LifeInsuranceFunnel' or its corresponding type declarations.
App.tsx(109,30): error TS2307: Cannot find module './components/SystemStatus' or its corresponding type declarations.
index.tsx(4,31): error TS2307: Cannot find module './components/ErrorBoundary' or its corresponding type declarations.
pages/website/RealEstate.tsx(45,37): error TS2307: Cannot find module '../../components/TestimonialsSection' or its corresponding type declarations.
pages/website/RealEstate.tsx(46,36): error TS2307: Cannot find module '../../components/SpeakToAdvisorForm' or its corresponding type declarations.
